---
source: crates/parser/tests/statement_parser_test.rs
description: "CREATE TYPE type1 (input = input1, output = output1);"
---
Parse {
    cst: SourceFile@0..53
      DefineStmt@0..53
        Create@0..6 "CREATE"
        Whitespace@6..7 " "
        TypeP@7..11 "TYPE"
        Whitespace@11..12 " "
        Ident@12..17 "type1"
        Whitespace@17..18 " "
        Ascii40@18..19 "("
        DefElem@19..33
          InputP@19..24 "input"
          Whitespace@24..25 " "
          Ascii61@25..26 "="
          Whitespace@26..27 " "
          TypeName@27..33
            Ident@27..33 "input1"
        Ascii44@33..34 ","
        Whitespace@34..35 " "
        DefElem@35..51
          Ident@35..41 "output"
          Whitespace@41..42 " "
          Ascii61@42..43 "="
          Whitespace@43..44 " "
          TypeName@44..51
            Ident@44..51 "output1"
        Ascii41@51..52 ")"
        Ascii59@52..53 ";"
    ,
    errors: [],
    stmts: [
        RawStmt {
            stmt: DefineStmt(
                DefineStmt {
                    kind: ObjectType,
                    oldstyle: false,
                    defnames: [
                        Node {
                            node: Some(
                                String(
                                    String {
                                        sval: "type1",
                                    },
                                ),
                            ),
                        },
                    ],
                    args: [],
                    definition: [
                        Node {
                            node: Some(
                                DefElem(
                                    DefElem {
                                        defnamespace: "",
                                        defname: "input",
                                        arg: Some(
                                            Node {
                                                node: Some(
                                                    TypeName(
                                                        TypeName {
                                                            names: [
                                                                Node {
                                                                    node: Some(
                                                                        String(
                                                                            String {
                                                                                sval: "input1",
                                                                            },
                                                                        ),
                                                                    ),
                                                                },
                                                            ],
                                                            type_oid: 0,
                                                            setof: false,
                                                            pct_type: false,
                                                            typmods: [],
                                                            typemod: -1,
                                                            array_bounds: [],
                                                            location: 27,
                                                        },
                                                    ),
                                                ),
                                            },
                                        ),
                                        defaction: DefelemUnspec,
                                        location: 19,
                                    },
                                ),
                            ),
                        },
                        Node {
                            node: Some(
                                DefElem(
                                    DefElem {
                                        defnamespace: "",
                                        defname: "output",
                                        arg: Some(
                                            Node {
                                                node: Some(
                                                    TypeName(
                                                        TypeName {
                                                            names: [
                                                                Node {
                                                                    node: Some(
                                                                        String(
                                                                            String {
                                                                                sval: "output1",
                                                                            },
                                                                        ),
                                                                    ),
                                                                },
                                                            ],
                                                            type_oid: 0,
                                                            setof: false,
                                                            pct_type: false,
                                                            typmods: [],
                                                            typemod: -1,
                                                            array_bounds: [],
                                                            location: 44,
                                                        },
                                                    ),
                                                ),
                                            },
                                        ),
                                        defaction: DefelemUnspec,
                                        location: 35,
                                    },
                                ),
                            ),
                        },
                    ],
                    if_not_exists: false,
                    replace: false,
                },
            ),
            range: 0..52,
        },
    ],
}
