---
source: crates/pglt_analyser/tests/rules_tests.rs
expression: snapshot
---
# Input
```
-- expect_only_lint/safety/banDropTable
drop table test;
```

# Diagnostics
lint/safety/banDropTable ━━━━━━━━━━━━━━━━━━━━━━━━━━━━━━━━━━━━━━━━━━━━━━━━━━━━━━━━━━━━━━━━━━━━━━━━━━━

  × Dropping a table may break existing clients.
  
  i Update your application code to no longer read or write the table, and only then delete the table. Be sure to create a backup.
