---
source: crates/pg_syntax/tests/pg_syntax_tests.rs
description: CREATE INDEX gin_idx ON documents_table USING GIN (locations) WITH (fastupdate = off);
---
IndexStmt@0..86
  Create@0..6 "CREATE"
  Whitespace@6..7 " "
  Index@7..12 "INDEX"
  Whitespace@12..13 " "
  Ident@13..20 "gin_idx"
  Whitespace@20..21 " "
  On@21..23 "ON"
  Whitespace@23..24 " "
  RangeVar@24..39
    Ident@24..39 "documents_table"
  Whitespace@39..40 " "
  Using@40..45 "USING"
  Whitespace@45..46 " "
  Ident@46..49 "GIN"
  Whitespace@49..50 " "
  Ascii40@50..51 "("
  IndexElem@51..60
    Ident@51..60 "locations"
  Ascii41@60..61 ")"
  Whitespace@61..62 " "
  With@62..66 "WITH"
  Whitespace@66..67 " "
  Ascii40@67..68 "("
  DefElem@68..84
    Ident@68..78 "fastupdate"
    Whitespace@78..79 " "
    Ascii61@79..80 "="
    Whitespace@80..81 " "
    TypeName@81..84
      Off@81..84 "off"
  Ascii41@84..85 ")"
  Ascii59@85..86 ";"

