---
source: crates/pg_syntax/tests/pg_syntax_tests.rs
description: "select true as \"OK\"\n  from explain_filter('explain (settings) select * from int8_tbl i8') ln\n  where ln ~ '^ *Settings: .*plan_cache_mode = ''force_generic_plan''';"
---
SelectStmt@0..164
  Select@0..6 "select"
  Whitespace@6..7 " "
  ResTarget@7..19
    AConst@7..11
      TrueP@7..11 "true"
    Whitespace@11..12 " "
    As@12..14 "as"
    Whitespace@14..15 " "
    Ident@15..19 "\"OK\""
  Newline@19..20 "\n"
  Whitespace@20..22 "  "
  From@22..26 "from"
  Whitespace@26..27 " "
  RangeFunction@27..92
    List@27..88
      FuncCall@27..88
        Ident@27..41 "explain_filter"
        Ascii40@41..42 "("
        AConst@42..88
          Sconst@42..88 "'explain (settings) s ..."
    Ascii41@88..89 ")"
    Whitespace@89..90 " "
    Alias@90..92
      Ident@90..92 "ln"
  Newline@92..93 "\n"
  Whitespace@93..95 "  "
  Where@95..100 "where"
  Whitespace@100..101 " "
  AExpr@101..163
    ColumnRef@101..103
      Ident@101..103 "ln"
    Whitespace@103..104 " "
    Op@104..105 "~"
    Whitespace@105..106 " "
    AConst@106..163
      Sconst@106..163 "'^ *Settings: .*plan_ ..."
  Ascii59@163..164 ";"

