---
source: crates/pg_syntax/tests/pg_syntax_tests.rs
description: "INSERT INTO J2_TBL VALUES (0, NULL);"
---
InsertStmt@0..36
  Insert@0..6 "INSERT"
  Whitespace@6..7 " "
  Into@7..11 "INTO"
  Whitespace@11..12 " "
  RangeVar@12..18
    Ident@12..18 "J2_TBL"
  Whitespace@18..19 " "
  SelectStmt@19..34
    Values@19..25 "VALUES"
    Whitespace@25..26 " "
    Ascii40@26..27 "("
    List@27..34
      AConst@27..28
        Iconst@27..28 "0"
      Ascii44@28..29 ","
      Whitespace@29..30 " "
      AConst@30..34
        NullP@30..34 "NULL"
  Ascii41@34..35 ")"
  Ascii59@35..36 ";"

