---
source: crates/pg_syntax/tests/pg_syntax_tests.rs
description: "select jsonb_path_query_tz(\n\t'[\"2017-03-10\", \"2017-03-11\", \"2017-03-09\", \"12:34:56\", \"01:02:03+04\", \"2017-03-10 00:00:00\", \"2017-03-10 12:34:56\", \"2017-03-10 01:02:03+04\", \"2017-03-10 03:00:00+03\"]',\n\t'$[*].datetime() ? (@ >= \"10.03.2017\".datetime(\"dd.mm.yyyy\"))');"
---
SelectStmt@0..265
  Select@0..6 "select"
  Whitespace@6..7 " "
  ResTarget@7..263
    FuncCall@7..263
      Ident@7..26 "jsonb_path_query_tz"
      Ascii40@26..27 "("
      Newline@27..28 "\n"
      Newline@28..29 "\t"
      AConst@29..198
        Sconst@29..198 "'[\"2017-03-10\", \"2017 ..."
      Ascii44@198..199 ","
      Newline@199..200 "\n"
      Newline@200..201 "\t"
      AConst@201..263
        Sconst@201..263 "'$[*].datetime() ? (@ ..."
  Ascii41@263..264 ")"
  Ascii59@264..265 ";"

