---
source: crates/pg_syntax/tests/pg_syntax_tests.rs
description: "select jsonb_path_query('[null, 1, \"abc\", \"abd\", \"aBdC\", \"abdacb\", \"babc\", \"adc\\nabc\", \"ab\\nadc\"]', 'lax $[*] ? (@ like_regex \"^ab.*c\" flag \"m\")');"
---
SelectStmt@0..147
  Select@0..6 "select"
  Whitespace@6..7 " "
  ResTarget@7..145
    FuncCall@7..145
      Ident@7..23 "jsonb_path_query"
      Ascii40@23..24 "("
      AConst@24..98
        Sconst@24..98 "'[null, 1, \"abc\", \"ab ..."
      Ascii44@98..99 ","
      Whitespace@99..100 " "
      AConst@100..145
        Sconst@100..145 "'lax $[*] ? (@ like_r ..."
  Ascii41@145..146 ")"
  Ascii59@146..147 ";"

