---
source: crates/pg_syntax/tests/pg_syntax_tests.rs
description: "select jsonb '2' @@ '$ <= 1';"
---
SelectStmt@0..29
  Select@0..6 "select"
  Whitespace@6..7 " "
  ResTarget@7..28
    Ident@7..12 "jsonb"
    Whitespace@12..13 " "
    AExpr@13..28
      TypeCast@13..16
        AConst@13..16
          Sconst@13..16 "'2'"
      Whitespace@16..17 " "
      Op@17..19 "@@"
      Whitespace@19..20 " "
      AConst@20..28
        Sconst@20..28 "'$ <= 1'"
  Ascii59@28..29 ";"

