---
source: crates/pg_syntax/tests/pg_syntax_tests.rs
description: "select '{\"a\": [{\"b\": \"c\"}, {\"b\": \"cc\"}]}'::json ->> 'z';"
---
SelectStmt@0..56
  Select@0..6 "select"
  Whitespace@6..7 " "
  ResTarget@7..55
    AExpr@7..55
      TypeCast@7..47
        AConst@7..41
          Sconst@7..41 "'{\"a\": [{\"b\": \"c\"}, { ..."
        Typecast@41..43 "::"
        TypeName@43..47
          Ident@43..47 "json"
      Whitespace@47..48 " "
      Op@48..51 "->>"
      Whitespace@51..52 " "
      AConst@52..55
        Sconst@52..55 "'z'"
  Ascii59@55..56 ";"

