---
source: crates/pg_syntax/tests/pg_syntax_tests.rs
description: select * from i8mr_array;
---
SelectStmt@0..25
  Select@0..6 "select"
  Whitespace@6..7 " "
  ResTarget@7..8
    ColumnRef@7..8
      AStar@7..8
        Ascii42@7..8 "*"
  Whitespace@8..9 " "
  From@9..13 "from"
  Whitespace@13..14 " "
  RangeVar@14..24
    Ident@14..24 "i8mr_array"
  Ascii59@24..25 ";"

