---
source: crates/pg_syntax/tests/pg_syntax_tests.rs
description: SELECT d1 FROM TIMESTAMP_TBL;
---
SelectStmt@0..29
  Select@0..6 "SELECT"
  Whitespace@6..7 " "
  ResTarget@7..9
    ColumnRef@7..9
      Ident@7..9 "d1"
  Whitespace@9..10 " "
  From@10..14 "FROM"
  Whitespace@14..15 " "
  RangeVar@15..28
    Ident@15..28 "TIMESTAMP_TBL"
  Ascii59@28..29 ";"

