---
source: crates/pg_syntax/tests/pg_syntax_tests.rs
description: CREATE TABLE trunc_a3 PARTITION OF trunc_a FOR VALUES FROM (20) TO (30);
---
CreateStmt@0..72
  Create@0..6 "CREATE"
  Whitespace@6..7 " "
  Table@7..12 "TABLE"
  Whitespace@12..13 " "
  RangeVar@13..21
    Ident@13..21 "trunc_a3"
  Whitespace@21..22 " "
  Partition@22..31 "PARTITION"
  Whitespace@31..32 " "
  Of@32..34 "OF"
  Whitespace@34..35 " "
  RangeVar@35..42
    Ident@35..42 "trunc_a"
  Whitespace@42..43 " "
  For@43..46 "FOR"
  Whitespace@46..47 " "
  Values@47..53 "VALUES"
  Whitespace@53..54 " "
  PartitionBoundSpec@54..70
    From@54..58 "FROM"
    Whitespace@58..59 " "
    Ascii40@59..60 "("
    AConst@60..62
      Iconst@60..62 "20"
    Ascii41@62..63 ")"
    Whitespace@63..64 " "
    To@64..66 "TO"
    Whitespace@66..67 " "
    Ascii40@67..68 "("
    AConst@68..70
      Iconst@68..70 "30"
  Ascii41@70..71 ")"
  Ascii59@71..72 ";"

