---
source: crates/parser/tests/statement_parser_test.rs
description: "-- .. and releasing them all at once\n\nSELECT\n\tpg_advisory_lock(1), pg_advisory_lock(1),\n\tpg_advisory_lock_shared(2), pg_advisory_lock_shared(2),\n\tpg_advisory_lock(1, 1), pg_advisory_lock(1, 1),\n\tpg_advisory_lock_shared(2, 2), pg_advisory_lock_shared(2, 2);"
---
Parse {
    cst: SourceFile@0..256
      SqlComment@0..36 "-- .. and releasing t ..."
      Newline@36..38 "\n\n"
      SelectStmt@38..256
        Select@38..44 "SELECT"
        Newline@44..45 "\n"
        Newline@45..46 "\t"
        ResTarget@46..64
          FuncCall@46..64
            Ident@46..62 "pg_advisory_lock"
            Ascii40@62..63 "("
            AConst@63..64
              Iconst@63..64 "1"
        Ascii41@64..65 ")"
        Ascii44@65..66 ","
        Whitespace@66..67 " "
        ResTarget@67..85
          FuncCall@67..85
            Ident@67..83 "pg_advisory_lock"
            Ascii40@83..84 "("
            AConst@84..85
              Iconst@84..85 "1"
        Ascii41@85..86 ")"
        Ascii44@86..87 ","
        Newline@87..88 "\n"
        Newline@88..89 "\t"
        ResTarget@89..114
          FuncCall@89..114
            Ident@89..112 "pg_advisory_lock_shared"
            Ascii40@112..113 "("
            AConst@113..114
              Iconst@113..114 "2"
        Ascii41@114..115 ")"
        Ascii44@115..116 ","
        Whitespace@116..117 " "
        ResTarget@117..142
          FuncCall@117..142
            Ident@117..140 "pg_advisory_lock_shared"
            Ascii40@140..141 "("
            AConst@141..142
              Iconst@141..142 "2"
        Ascii41@142..143 ")"
        Ascii44@143..144 ","
        Newline@144..145 "\n"
        Newline@145..146 "\t"
        ResTarget@146..167
          FuncCall@146..167
            Ident@146..162 "pg_advisory_lock"
            Ascii40@162..163 "("
            AConst@163..164
              Iconst@163..164 "1"
            Ascii44@164..165 ","
            Whitespace@165..166 " "
            AConst@166..167
              Iconst@166..167 "1"
        Ascii41@167..168 ")"
        Ascii44@168..169 ","
        Whitespace@169..170 " "
        ResTarget@170..191
          FuncCall@170..191
            Ident@170..186 "pg_advisory_lock"
            Ascii40@186..187 "("
            AConst@187..188
              Iconst@187..188 "1"
            Ascii44@188..189 ","
            Whitespace@189..190 " "
            AConst@190..191
              Iconst@190..191 "1"
        Ascii41@191..192 ")"
        Ascii44@192..193 ","
        Newline@193..194 "\n"
        Newline@194..195 "\t"
        ResTarget@195..223
          FuncCall@195..223
            Ident@195..218 "pg_advisory_lock_shared"
            Ascii40@218..219 "("
            AConst@219..220
              Iconst@219..220 "2"
            Ascii44@220..221 ","
            Whitespace@221..222 " "
            AConst@222..223
              Iconst@222..223 "2"
        Ascii41@223..224 ")"
        Ascii44@224..225 ","
        Whitespace@225..226 " "
        ResTarget@226..254
          FuncCall@226..254
            Ident@226..249 "pg_advisory_lock_shared"
            Ascii40@249..250 "("
            AConst@250..251
              Iconst@250..251 "2"
            Ascii44@251..252 ","
            Whitespace@252..253 " "
            AConst@253..254
              Iconst@253..254 "2"
        Ascii41@254..255 ")"
        Ascii59@255..256 ";"
    ,
    errors: [],
    stmts: [
        RawStmt {
            stmt: SelectStmt(
                SelectStmt {
                    distinct_clause: [],
                    into_clause: None,
                    target_list: [
                        Node {
                            node: Some(
                                ResTarget(
                                    ResTarget {
                                        name: "",
                                        indirection: [],
                                        val: Some(
                                            Node {
                                                node: Some(
                                                    FuncCall(
                                                        FuncCall {
                                                            funcname: [
                                                                Node {
                                                                    node: Some(
                                                                        String(
                                                                            String {
                                                                                sval: "pg_advisory_lock",
                                                                            },
                                                                        ),
                                                                    ),
                                                                },
                                                            ],
                                                            args: [
                                                                Node {
                                                                    node: Some(
                                                                        AConst(
                                                                            AConst {
                                                                                isnull: false,
                                                                                location: 25,
                                                                                val: Some(
                                                                                    Ival(
                                                                                        Integer {
                                                                                            ival: 1,
                                                                                        },
                                                                                    ),
                                                                                ),
                                                                            },
                                                                        ),
                                                                    ),
                                                                },
                                                            ],
                                                            agg_order: [],
                                                            agg_filter: None,
                                                            over: None,
                                                            agg_within_group: false,
                                                            agg_star: false,
                                                            agg_distinct: false,
                                                            func_variadic: false,
                                                            funcformat: CoerceExplicitCall,
                                                            location: 8,
                                                        },
                                                    ),
                                                ),
                                            },
                                        ),
                                        location: 8,
                                    },
                                ),
                            ),
                        },
                        Node {
                            node: Some(
                                ResTarget(
                                    ResTarget {
                                        name: "",
                                        indirection: [],
                                        val: Some(
                                            Node {
                                                node: Some(
                                                    FuncCall(
                                                        FuncCall {
                                                            funcname: [
                                                                Node {
                                                                    node: Some(
                                                                        String(
                                                                            String {
                                                                                sval: "pg_advisory_lock",
                                                                            },
                                                                        ),
                                                                    ),
                                                                },
                                                            ],
                                                            args: [
                                                                Node {
                                                                    node: Some(
                                                                        AConst(
                                                                            AConst {
                                                                                isnull: false,
                                                                                location: 46,
                                                                                val: Some(
                                                                                    Ival(
                                                                                        Integer {
                                                                                            ival: 1,
                                                                                        },
                                                                                    ),
                                                                                ),
                                                                            },
                                                                        ),
                                                                    ),
                                                                },
                                                            ],
                                                            agg_order: [],
                                                            agg_filter: None,
                                                            over: None,
                                                            agg_within_group: false,
                                                            agg_star: false,
                                                            agg_distinct: false,
                                                            func_variadic: false,
                                                            funcformat: CoerceExplicitCall,
                                                            location: 29,
                                                        },
                                                    ),
                                                ),
                                            },
                                        ),
                                        location: 29,
                                    },
                                ),
                            ),
                        },
                        Node {
                            node: Some(
                                ResTarget(
                                    ResTarget {
                                        name: "",
                                        indirection: [],
                                        val: Some(
                                            Node {
                                                node: Some(
                                                    FuncCall(
                                                        FuncCall {
                                                            funcname: [
                                                                Node {
                                                                    node: Some(
                                                                        String(
                                                                            String {
                                                                                sval: "pg_advisory_lock_shared",
                                                                            },
                                                                        ),
                                                                    ),
                                                                },
                                                            ],
                                                            args: [
                                                                Node {
                                                                    node: Some(
                                                                        AConst(
                                                                            AConst {
                                                                                isnull: false,
                                                                                location: 75,
                                                                                val: Some(
                                                                                    Ival(
                                                                                        Integer {
                                                                                            ival: 2,
                                                                                        },
                                                                                    ),
                                                                                ),
                                                                            },
                                                                        ),
                                                                    ),
                                                                },
                                                            ],
                                                            agg_order: [],
                                                            agg_filter: None,
                                                            over: None,
                                                            agg_within_group: false,
                                                            agg_star: false,
                                                            agg_distinct: false,
                                                            func_variadic: false,
                                                            funcformat: CoerceExplicitCall,
                                                            location: 51,
                                                        },
                                                    ),
                                                ),
                                            },
                                        ),
                                        location: 51,
                                    },
                                ),
                            ),
                        },
                        Node {
                            node: Some(
                                ResTarget(
                                    ResTarget {
                                        name: "",
                                        indirection: [],
                                        val: Some(
                                            Node {
                                                node: Some(
                                                    FuncCall(
                                                        FuncCall {
                                                            funcname: [
                                                                Node {
                                                                    node: Some(
                                                                        String(
                                                                            String {
                                                                                sval: "pg_advisory_lock_shared",
                                                                            },
                                                                        ),
                                                                    ),
                                                                },
                                                            ],
                                                            args: [
                                                                Node {
                                                                    node: Some(
                                                                        AConst(
                                                                            AConst {
                                                                                isnull: false,
                                                                                location: 103,
                                                                                val: Some(
                                                                                    Ival(
                                                                                        Integer {
                                                                                            ival: 2,
                                                                                        },
                                                                                    ),
                                                                                ),
                                                                            },
                                                                        ),
                                                                    ),
                                                                },
                                                            ],
                                                            agg_order: [],
                                                            agg_filter: None,
                                                            over: None,
                                                            agg_within_group: false,
                                                            agg_star: false,
                                                            agg_distinct: false,
                                                            func_variadic: false,
                                                            funcformat: CoerceExplicitCall,
                                                            location: 79,
                                                        },
                                                    ),
                                                ),
                                            },
                                        ),
                                        location: 79,
                                    },
                                ),
                            ),
                        },
                        Node {
                            node: Some(
                                ResTarget(
                                    ResTarget {
                                        name: "",
                                        indirection: [],
                                        val: Some(
                                            Node {
                                                node: Some(
                                                    FuncCall(
                                                        FuncCall {
                                                            funcname: [
                                                                Node {
                                                                    node: Some(
                                                                        String(
                                                                            String {
                                                                                sval: "pg_advisory_lock",
                                                                            },
                                                                        ),
                                                                    ),
                                                                },
                                                            ],
                                                            args: [
                                                                Node {
                                                                    node: Some(
                                                                        AConst(
                                                                            AConst {
                                                                                isnull: false,
                                                                                location: 125,
                                                                                val: Some(
                                                                                    Ival(
                                                                                        Integer {
                                                                                            ival: 1,
                                                                                        },
                                                                                    ),
                                                                                ),
                                                                            },
                                                                        ),
                                                                    ),
                                                                },
                                                                Node {
                                                                    node: Some(
                                                                        AConst(
                                                                            AConst {
                                                                                isnull: false,
                                                                                location: 128,
                                                                                val: Some(
                                                                                    Ival(
                                                                                        Integer {
                                                                                            ival: 1,
                                                                                        },
                                                                                    ),
                                                                                ),
                                                                            },
                                                                        ),
                                                                    ),
                                                                },
                                                            ],
                                                            agg_order: [],
                                                            agg_filter: None,
                                                            over: None,
                                                            agg_within_group: false,
                                                            agg_star: false,
                                                            agg_distinct: false,
                                                            func_variadic: false,
                                                            funcformat: CoerceExplicitCall,
                                                            location: 108,
                                                        },
                                                    ),
                                                ),
                                            },
                                        ),
                                        location: 108,
                                    },
                                ),
                            ),
                        },
                        Node {
                            node: Some(
                                ResTarget(
                                    ResTarget {
                                        name: "",
                                        indirection: [],
                                        val: Some(
                                            Node {
                                                node: Some(
                                                    FuncCall(
                                                        FuncCall {
                                                            funcname: [
                                                                Node {
                                                                    node: Some(
                                                                        String(
                                                                            String {
                                                                                sval: "pg_advisory_lock",
                                                                            },
                                                                        ),
                                                                    ),
                                                                },
                                                            ],
                                                            args: [
                                                                Node {
                                                                    node: Some(
                                                                        AConst(
                                                                            AConst {
                                                                                isnull: false,
                                                                                location: 149,
                                                                                val: Some(
                                                                                    Ival(
                                                                                        Integer {
                                                                                            ival: 1,
                                                                                        },
                                                                                    ),
                                                                                ),
                                                                            },
                                                                        ),
                                                                    ),
                                                                },
                                                                Node {
                                                                    node: Some(
                                                                        AConst(
                                                                            AConst {
                                                                                isnull: false,
                                                                                location: 152,
                                                                                val: Some(
                                                                                    Ival(
                                                                                        Integer {
                                                                                            ival: 1,
                                                                                        },
                                                                                    ),
                                                                                ),
                                                                            },
                                                                        ),
                                                                    ),
                                                                },
                                                            ],
                                                            agg_order: [],
                                                            agg_filter: None,
                                                            over: None,
                                                            agg_within_group: false,
                                                            agg_star: false,
                                                            agg_distinct: false,
                                                            func_variadic: false,
                                                            funcformat: CoerceExplicitCall,
                                                            location: 132,
                                                        },
                                                    ),
                                                ),
                                            },
                                        ),
                                        location: 132,
                                    },
                                ),
                            ),
                        },
                        Node {
                            node: Some(
                                ResTarget(
                                    ResTarget {
                                        name: "",
                                        indirection: [],
                                        val: Some(
                                            Node {
                                                node: Some(
                                                    FuncCall(
                                                        FuncCall {
                                                            funcname: [
                                                                Node {
                                                                    node: Some(
                                                                        String(
                                                                            String {
                                                                                sval: "pg_advisory_lock_shared",
                                                                            },
                                                                        ),
                                                                    ),
                                                                },
                                                            ],
                                                            args: [
                                                                Node {
                                                                    node: Some(
                                                                        AConst(
                                                                            AConst {
                                                                                isnull: false,
                                                                                location: 181,
                                                                                val: Some(
                                                                                    Ival(
                                                                                        Integer {
                                                                                            ival: 2,
                                                                                        },
                                                                                    ),
                                                                                ),
                                                                            },
                                                                        ),
                                                                    ),
                                                                },
                                                                Node {
                                                                    node: Some(
                                                                        AConst(
                                                                            AConst {
                                                                                isnull: false,
                                                                                location: 184,
                                                                                val: Some(
                                                                                    Ival(
                                                                                        Integer {
                                                                                            ival: 2,
                                                                                        },
                                                                                    ),
                                                                                ),
                                                                            },
                                                                        ),
                                                                    ),
                                                                },
                                                            ],
                                                            agg_order: [],
                                                            agg_filter: None,
                                                            over: None,
                                                            agg_within_group: false,
                                                            agg_star: false,
                                                            agg_distinct: false,
                                                            func_variadic: false,
                                                            funcformat: CoerceExplicitCall,
                                                            location: 157,
                                                        },
                                                    ),
                                                ),
                                            },
                                        ),
                                        location: 157,
                                    },
                                ),
                            ),
                        },
                        Node {
                            node: Some(
                                ResTarget(
                                    ResTarget {
                                        name: "",
                                        indirection: [],
                                        val: Some(
                                            Node {
                                                node: Some(
                                                    FuncCall(
                                                        FuncCall {
                                                            funcname: [
                                                                Node {
                                                                    node: Some(
                                                                        String(
                                                                            String {
                                                                                sval: "pg_advisory_lock_shared",
                                                                            },
                                                                        ),
                                                                    ),
                                                                },
                                                            ],
                                                            args: [
                                                                Node {
                                                                    node: Some(
                                                                        AConst(
                                                                            AConst {
                                                                                isnull: false,
                                                                                location: 212,
                                                                                val: Some(
                                                                                    Ival(
                                                                                        Integer {
                                                                                            ival: 2,
                                                                                        },
                                                                                    ),
                                                                                ),
                                                                            },
                                                                        ),
                                                                    ),
                                                                },
                                                                Node {
                                                                    node: Some(
                                                                        AConst(
                                                                            AConst {
                                                                                isnull: false,
                                                                                location: 215,
                                                                                val: Some(
                                                                                    Ival(
                                                                                        Integer {
                                                                                            ival: 2,
                                                                                        },
                                                                                    ),
                                                                                ),
                                                                            },
                                                                        ),
                                                                    ),
                                                                },
                                                            ],
                                                            agg_order: [],
                                                            agg_filter: None,
                                                            over: None,
                                                            agg_within_group: false,
                                                            agg_star: false,
                                                            agg_distinct: false,
                                                            func_variadic: false,
                                                            funcformat: CoerceExplicitCall,
                                                            location: 188,
                                                        },
                                                    ),
                                                ),
                                            },
                                        ),
                                        location: 188,
                                    },
                                ),
                            ),
                        },
                    ],
                    from_clause: [],
                    where_clause: None,
                    group_clause: [],
                    group_distinct: false,
                    having_clause: None,
                    window_clause: [],
                    values_lists: [],
                    sort_clause: [],
                    limit_offset: None,
                    limit_count: None,
                    limit_option: Default,
                    locking_clause: [],
                    with_clause: None,
                    op: SetopNone,
                    all: false,
                    larg: None,
                    rarg: None,
                },
            ),
            range: 37..255,
        },
    ],
}
